
> @k6-perf/core-engine@1.0.0 loadtest
> npm run cli -- run --plan config/test-plans/load-test.json


> @k6-perf/core-engine@1.0.0 cli
> tsx core-engine/src/cli/run.ts run --plan config/test-plans/load-test.json


[1m[36m============================================[0m
[1m[36m|       k6 Performance Framework – RUN     |[0m
[1m[36m============================================[0m

[1m[32m[PASS][0m  Test Plan loaded: WebUI Load Test - test.k6.io (dev)
[ConfigurationManager] Resolved Config:
{
  "environment": {
    "$schema": "../schemas/environment.schema.json",
    "name": "dev",
    "scrum_suites": {
      "sample-team": {
        "baseUrl": "https://sample-team.dev.your-company.com",
        "serviceUrls": {
          "auth": "https://auth.sample-team.dev.your-company.com"
        },
        "custom": {
          "tenantId": "sample-team-dev"
        }
      },
      "Jpet_new": {
        "baseUrl": "https://jpetstore.aspectran.com"
      }
    }
  },
  "runtime": {
    "thinkTime": {
      "mode": "fixed",
      "fixed": 1
    },
    "pacing": {
      "enabled": false
    },
    "http": {
      "timeoutSeconds": 60,
      "maxRedirects": 10,
      "throwOnError": true
    },
    "errorBehavior": "continue",
    "reporting": {
      "transactionStats": [
        "count",
        "pass",
        "fail",
        "avg",
        "min",
        "max",
        "p(90)",
        "p(97)"
      ],
      "includeTransactionTable": true,
      "includeErrorTable": true,
      "timeseries": {
        "enabled": true,
        "bucketSizeSeconds": 10
      }
    },
    "errors": {
      "captureSnapshotOnFailure": true,
      "maxSnapshotsPerRun": 20,
      "includeRequestHeaders": true,
      "includeRequestBody": true,
      "includeResponseHeaders": true,
      "includeResponseBody": false
    },
    "monitoring": {
      "enabled": false,
      "cpuWarningPercent": 80,
      "memoryWarningPercent": 80,
      "sampleIntervalSeconds": 10
    },
    "debugMode": true,
    "$schema": "../schemas/runtime-settings.schema.json"
  },
  "cliOverrides": {},
  "secrets": {
    "ALLUSERSPROFILE": "***REDACTED***",
    "ANALYSIS_PATH": "***REDACTED***",
    "ANTIGRAVITY_AGENT": "***REDACTED***",
    "ANTIGRAVITY_EDITOR_APP_ROOT": "***REDACTED***",
    "ANTIGRAVITY_TRAJECTORY_ID": "***REDACTED***",
    "APPDATA": "***REDACTED***",
    "BROWSER_BASE_PATH": "***REDACTED***",
    "CHROME_CRASHPAD_PIPE_NAME": "***REDACTED***",
    "COLOR": "***REDACTED***",
    "CommonProgramFiles": "***REDACTED***",
    "CommonProgramFiles(x86)": "***REDACTED***",
    "CommonProgramW6432": "***REDACTED***",
    "COMPUTERNAME": "***REDACTED***",
    "ComSpec": "***REDACTED***",
    "DEVWEB_DATA_PATH": "***REDACTED***",
    "DEVWEB_PATH": "***REDACTED***",
    "DriverData": "***REDACTED***",
    "EDITOR": "***REDACTED***",
    "EFC_13088_1592913036": "***REDACTED***",
    "HOME": "***REDACTED***",
    "HOMEDRIVE": "***REDACTED***",
    "HOMEPATH": "***REDACTED***",
    "INIT_CWD": "***REDACTED***",
    "IntelliJ IDEA Community Edition": "***REDACTED***",
    "INTEL_DEV_REDIST": "***REDACTED***",
    "JAVA_HOME": "***REDACTED***",
    "LG_PATH": "***REDACTED***",
    "LOCALAPPDATA": "***REDACTED***",
    "LOGONSERVER": "***REDACTED***",
    "LR_PATH": "***REDACTED***",
    "MIC_LD_LIBRARY_PATH": "***REDACTED***",
    "NODE": "***REDACTED***",
    "NODE_EXE": "***REDACTED***",
    "NPM_CLI_JS": "***REDACTED***",
    "npm_command": "***REDACTED***",
    "npm_config_cache": "***REDACTED***",
    "npm_config_globalconfig": "***REDACTED***",
    "npm_config_global_prefix": "***REDACTED***",
    "npm_config_init_module": "***REDACTED***",
    "npm_config_local_prefix": "***REDACTED***",
    "npm_config_node_gyp": "***REDACTED***",
    "npm_config_noproxy": "***REDACTED***",
    "npm_config_npm_version": "***REDACTED***",
    "npm_config_prefix": "***REDACTED***",
    "npm_config_userconfig": "***REDACTED***",
    "npm_config_user_agent": "***REDACTED***",
    "npm_execpath": "***REDACTED***",
    "npm_lifecycle_event": "***REDACTED***",
    "npm_lifecycle_script": "***REDACTED***",
    "npm_node_execpath": "***REDACTED***",
    "npm_package_bin_k6-framework": "***REDACTED***",
    "npm_package_json": "***REDACTED***",
    "npm_package_name": "***REDACTED***",
    "npm_package_version": "***REDACTED***",
    "NPM_PREFIX_JS": "***REDACTED***",
    "NPM_PREFIX_NPM_CLI_JS": "***REDACTED***",
    "NUMBER_OF_PROCESSORS": "***REDACTED***",
    "OLLAMA_API_KEY": "***REDACTED***",
    "OLLAMA_MODELS": "***REDACTED***",
    "OneDrive": "***REDACTED***",
    "OneDriveConsumer": "***REDACTED***",
    "OS": "***REDACTED***",
    "Path": "***REDACTED***",
    "PATHEXT": "***REDACTED***",
    "PROCESSOR_ARCHITECTURE": "***REDACTED***",
    "PROCESSOR_IDENTIFIER": "***REDACTED***",
    "PROCESSOR_LEVEL": "***REDACTED***",
    "PROCESSOR_REVISION": "***REDACTED***",
    "ProgramData": "***REDACTED***",
    "ProgramFiles": "***REDACTED***",
    "ProgramFiles(x86)": "***REDACTED***",
    "ProgramW6432": "***REDACTED***",
    "PROMPT": "***REDACTED***",
    "PSModulePath": "***REDACTED***",
    "PUBLIC": "***REDACTED***",
    "SDL_AUDIODRIVER": "***REDACTED***",
    "SESSIONNAME": "***REDACTED***",
    "SystemDrive": "***REDACTED***",
    "SystemRoot": "***REDACTED***",
    "TEMP": "***REDACTED***",
    "TMP": "***REDACTED***",
    "USERDOMAIN": "***REDACTED***",
    "USERDOMAIN_ROAMINGPROFILE": "***REDACTED***",
    "USERNAME": "***REDACTED***",
    "USERPROFILE": "***REDACTED***",
    "VSCODE_CODE_CACHE_PATH": "***REDACTED***",
    "VSCODE_CWD": "***REDACTED***",
    "VSCODE_IPC_HOOK": "***REDACTED***",
    "VSCODE_NLS_CONFIG": "***REDACTED***",
    "VSCODE_PID": "***REDACTED***",
    "VUGEN_PATH": "***REDACTED***",
    "windir": "***REDACTED***",
    "ZES_ENABLE_SYSMAN": "***REDACTED***"
  }
}
[1m[32m[PASS][0m  Config resolved for environment: dev

[1m[36m============================================[0m
[1m[36m|         FRAMEWORK PRE-FLIGHT CHECKS      |[0m
[1m[36m============================================[0m

[1m[32m[PASS][0m  All pre-flight checks passed.


+-------------------------------------+------+--------+
| Journey                             | Wgt  | VUs    |
+-------------------------------------+------+--------+
| buy_animal_14thmay                  | 100% |      1 |
+-------------------------------------+------+--------+
| TOTAL                               |      |      1 |
+-------------------------------------+------+--------+

[1m[32m[PASS][0m  Scenarios built: 1 journey(s) -> buy_animal_14thmay

[1m[32m[PASS][0m  Prepared reporting directories
[2m>  Run ID: Run_2026-05-13T21-42-05-875Z[0m
[2m>  Reports will be saved to: D:\repos\K6-PerfFramework\results\WebUI_Load_Test_-_test_k6_io\Run_2026-05-13T21-42-05-875Z[0m
[2m>  Run manifest: D:\repos\K6-PerfFramework\results\WebUI_Load_Test_-_test_k6_io\Run_2026-05-13T21-42-05-875Z\run-manifest.json[0m
[2m>  Launching k6...
[0m
[2m[k6-perf][0m [[1m[36mINFO [0m] [[2m2026-05-13T21:42:05.881Z[0m] [36m[PipelineRunner] Starting k6 execution...[0m
[2m[k6-perf][0m [[1m[36mINFO [0m] [[2m2026-05-13T21:42:05.881Z[0m] [36m  Script  : D:\repos\K6-PerfFramework\scrum-suites\Jpet_new\tests\.k6-perf-entry-Run_2026-05-13T21-42-05-875Z.js[0m
[2m[k6-perf][0m [[1m[36mINFO [0m] [[2m2026-05-13T21:42:05.881Z[0m] [36m  Journeys: buy_animal_14thmay
[0m
time="2026-05-14T03:12:06+05:30" level=error msg="could not initialize 'D:\\repos\\K6-PerfFramework\\scrum-suites\\Jpet_new\\tests\\.k6-perf-entry-Run_2026-05-13T21-42-05-875Z.js': could not load JS test 'file:///D:/repos/K6-PerfFramework/scrum-suites/Jpet_new/tests/.k6-perf-entry-Run_2026-05-13T21-42-05-875Z.js': SyntaxError: Identifier 'env' has already been declared at file:///D:/repos/K6-PerfFramework/scrum-suites/Jpet_new/tests/buy_animal_14thmay.js:38:7"
[2m[k6-perf][0m [[1m[33mWARN [0m] [[2m2026-05-13T21:42:06.104Z[0m] [33msummary.json not found at D:\repos\K6-PerfFramework\results\WebUI_Load_Test_-_test_k6_io\Run_2026-05-13T21-42-05-875Z\summary.json. Unified report generation skipped for this run.[0m
[1m[32m[PASS][0m  Unified report artifacts generated
[2m>  Unified HTML report: D:\repos\K6-PerfFramework\results\WebUI_Load_Test_-_test_k6_io\Run_2026-05-13T21-42-05-875Z\RunReport.html[0m
[2m>  Transaction metrics: D:\repos\K6-PerfFramework\results\WebUI_Load_Test_-_test_k6_io\Run_2026-05-13T21-42-05-875Z\transaction-metrics.json[0m
[2m>  CI summary: D:\repos\K6-PerfFramework\results\WebUI_Load_Test_-_test_k6_io\Run_2026-05-13T21-42-05-875Z\ci-summary.json[0m
